// Jest Snapshot v1, https://goo.gl/fbAQLP

exports[`<ContactForm /> renders correctly 1`] = `
<ContactForm
  action="/contact/success"
  formName="contact"
  withTitle={false}
>
  <div
    className="ContactForm"
  >
    <form
      action="/contact/success"
      className="ContactForm__Form"
      data-netlify="true"
      method="POST"
      name="contact"
    >
      <input
        name="form-name"
        type="hidden"
        value="contact"
      />
      <div
        className="ContactForm__Field"
      >
        <label
          className="ContactForm__Label"
          htmlFor="name"
        >
          お名前
          <strong
            className="ContactForm__Required"
          >
            必須
          </strong>
          <br />
          <input
            className="ContactForm__ShortInput"
            id="name"
            name="name"
            onChange={[Function]}
            readOnly={false}
            required={true}
            type="text"
            value=""
          />
        </label>
      </div>
      <div
        className="ContactForm__Field"
      >
        <label
          className="ContactForm__Label"
          htmlFor="company-name"
        >
          会社名
          <br />
          <input
            className="ContactForm__Input"
            id="company-name"
            name="company-name"
            onChange={[Function]}
            readOnly={false}
            type="text"
            value=""
          />
        </label>
      </div>
      <div
        className="ContactForm__Field"
      >
        <label
          className="ContactForm__Label"
          htmlFor="email"
        >
          メールアドレス
          <strong
            className="ContactForm__Required"
          >
            必須
          </strong>
          <br />
          <input
            className="ContactForm__Input"
            id="email"
            name="email"
            onChange={[Function]}
            readOnly={false}
            required={true}
            type="text"
            value=""
          />
        </label>
      </div>
      <div
        className="ContactForm__Field"
      >
        <label
          className="ContactForm__Label"
          htmlFor="email-confirmation"
        >
          メールアドレス確認用
          <strong
            className="ContactForm__Required"
          >
            必須
          </strong>
          <br />
          <input
            className="ContactForm__Input"
            id="email-confirmation"
            name="email-confirmation"
            onChange={[Function]}
            required={true}
            type="text"
            value=""
          />
        </label>
      </div>
      <div
        className="ContactForm__Field"
      >
        <label
          className="ContactForm__Label"
          htmlFor="phone-number"
        >
          電話番号
          <br />
          <input
            className="ContactForm__ShortInput"
            id="phone-number"
            name="phone-number"
            onChange={[Function]}
            readOnly={false}
            type="tel"
            value=""
          />
        </label>
      </div>
      <div
        className="ContactForm__Field"
      >
        <label
          className="ContactForm__Label"
          htmlFor="message"
        >
          お問い合わせ内容
          <strong
            className="ContactForm__Required"
          >
            必須
          </strong>
          <br />
          <textarea
            className="ContactForm__Textarea"
            id="message"
            name="message"
            onChange={[Function]}
            value=""
          />
        </label>
      </div>
      <p
        className="ContactForm__Privacy"
      >
        送信の前に
        <a
          href="/privacy/"
          target="_blank"
        >
          プライバシーポリシー
        </a>
        をご確認ください。
      </p>
      <div
        className="ContactForm__Buttons"
      >
        <Button
          className="ContactForm__ConfirmButton"
          disabled={false}
          isSmall={false}
          label="お問い合わせ内容を確認する"
          onClickButton={[Function]}
          withIcon={true}
        >
          <button
            className="Button ContactForm__ConfirmButton"
            onClick={[Function]}
            type="button"
          >
            お問い合わせ内容を確認する
            <Icon
              aria-hidden="true"
              className="Button__Icon"
              name="arrow-right"
            >
              <svg
                aria-hidden="true"
                className="Icon Button__Icon"
                role="img"
              >
                <use
                  xlinkHref="#arrow-right"
                />
              </svg>
            </Icon>
          </button>
        </Button>
        <TextLink
          className="ContactForm__ResetButton"
          isCenter={false}
          isLeft={false}
          isRight={false}
          label="リセット"
          onClickLink={[Function]}
          withIcon={false}
        >
          <div
            className="TextLink ContactForm__ResetButton"
          >
            <button
              className="TextLink__Link"
              onClick={[Function]}
              type="button"
            >
              リセット
            </button>
          </div>
        </TextLink>
      </div>
    </form>
  </div>
</ContactForm>
`;
