// Jest Snapshot v1, https://goo.gl/fbAQLP

exports[`<Header /> renders correctly 1`] = `
<div
  className="Header"
>
  <header
    className="Header__Inner"
  >
    <mockConstructor
      className="Header__Logo"
      to="/"
    >
      <span
        className="Header__LogoInner"
      >
        <Icon
          aria-label="Gaji-Labo（ガジラボ）"
          className="Header__Icon"
          name="logo"
        />
      </span>
    </mockConstructor>
    <nav
      className="Header__Nav"
    >
      <button
        aria-label="Open menu"
        className="Header__Button"
        onClick={[Function]}
        type="button"
      >
        <Icon
          name="menu"
        />
      </button>
      <ul
        className="Header__Menu"
      >
        <li
          className="Header__Item"
          key="/news/"
        >
          <mockConstructor
            activeClassName="isActive"
            className="Header__Link"
            to="/news/"
          >
            お知らせ
          </mockConstructor>
        </li>
        <li
          className="Header__Item"
          key="/services/"
        >
          <mockConstructor
            activeClassName="isActive"
            className="Header__Link"
            to="/services/"
          >
            サービス案内
          </mockConstructor>
        </li>
        <li
          className="Header__Item"
          key="/case-studies/"
        >
          <mockConstructor
            activeClassName="isActive"
            className="Header__Link"
            to="/case-studies/"
          >
            事例紹介
          </mockConstructor>
        </li>
        <li
          className="Header__Item"
          key="/about/"
        >
          <mockConstructor
            activeClassName="isActive"
            className="Header__Link"
            to="/about/"
          >
            会社案内
          </mockConstructor>
        </li>
        <li
          className="Header__Item"
          key="https://blog.gaji.jp/"
        >
          <a
            className="Header__Link"
            href="https://blog.gaji.jp/"
          >
            ブログ
          </a>
        </li>
        <li
          className="Header__Item"
          key="/contact/"
        >
          <mockConstructor
            activeClassName="isActive"
            className="Header__Link"
            to="/contact/"
          >
            お問い合わせ
          </mockConstructor>
        </li>
      </ul>
    </nav>
  </header>
</div>
`;
